
> qwikbite@1.0.0 build
> next build

  Γû▓ Next.js 14.2.22
  - Environments: .env
  - Experiments (use with caution):
    ┬╖ webpackBuildWorker

   Creating an optimized production build ...
 Γ£ô Compiled successfully
   Skipping validation of types
   Skipping linting
   Collecting page data ...
[OpenRouterClient] API key loaded successfully (length: 73 )
[OpenRouterClient] API key loaded successfully (length: 73 )
[OpenRouterClient] API key loaded successfully (length: 73 )
Γ£à MongoDB connected successfully
Γ£à MongoDB connected successfully
   Generating static pages (0/114) ...
Orders API: Simplified test endpoint - returning empty orders
Γ£à MongoDB connected successfully
[Slot Sync] Reconciling for date: 2026-05-14...
[Slot Sync] Γ£à Successfully reconciled 19 slots.
[33m[CACHE MISS][0m menu:popular
   Generating static pages (28/114) 
Γ£à MongoDB connected successfully
[OpenRouterClient] API key loaded successfully (length: 73 )
Γ£à MongoDB connected successfully
   Generating static pages (56/114) 
   Generating static pages (85/114) 
Γ£à MongoDB connected successfully
 Γ£ô Generating static pages (114/114)
   Finalizing page optimization ...
   Collecting build traces ...

Route (app)                                       Size     First Load JS
Γöî Γùï /                                             17.9 kB         322 kB
Γö£ Γùï /_not-found                                   169 B          87.9 kB
Γö£ Γùï /admin                                        76 kB           178 kB
Γö£ Γùï /admin/analytics                              109 kB          197 kB
Γö£ Γùï /admin/dashboard                              7.84 kB         309 kB
Γö£ Γùï /admin/feedback                               4.18 kB         101 kB
Γö£ Γùï /admin/inventory                              4.95 kB        92.7 kB
Γö£ Γùï /admin/menu                                   4.99 kB        92.7 kB
Γö£ Γùï /admin/notifications                          4.74 kB         151 kB
Γö£ Γùï /admin/orders                                 1.22 kB          89 kB
Γö£ Γùï /admin/payments                               4.96 kB        92.7 kB
Γö£ Γùï /admin/queue                                  11.2 kB         279 kB
Γö£ Γùï /admin/settings                               4.96 kB        92.7 kB
Γö£ Γùï /admin/slots                                  8.94 kB         168 kB
Γö£ Γùï /admin/staff                                  4.97 kB        92.7 kB
Γö£ ╞Æ /api/admin/analytics                          0 B                0 B
Γö£ ╞Æ /api/admin/audit                              0 B                0 B
Γö£ ╞Æ /api/admin/feedback/analyze                   0 B                0 B
Γö£ ╞Æ /api/admin/feedback/classifications           0 B                0 B
Γö£ ╞Æ /api/admin/notifications/send                 0 B                0 B
Γö£ ╞Æ /api/admin/orders                             0 B                0 B
Γö£ ╞Æ /api/admin/settings                           0 B                0 B
Γö£ ╞Æ /api/admin/settings/danger                    0 B                0 B
Γö£ ╞Æ /api/admin/settings/data                      0 B                0 B
Γö£ ╞Æ /api/admin/settings/inventory                 0 B                0 B
Γö£ ╞Æ /api/admin/settings/notifications             0 B                0 B
Γö£ ╞Æ /api/admin/settings/password                  0 B                0 B
Γö£ ╞Æ /api/admin/settings/security                  0 B                0 B
Γö£ ╞Æ /api/admin/settings/sessions                  0 B                0 B
Γö£ ╞Æ /api/admin/settings/staff                     0 B                0 B
Γö£ ╞Æ /api/admin/settings/system                    0 B                0 B
Γö£ ╞Æ /api/admin/settings/workflow                  0 B                0 B
Γö£ ╞Æ /api/admin/timeslots/sync                     0 B                0 B
Γö£ Γùï /api/admin/timeslots/today                    0 B                0 B
Γö£ ╞Æ /api/assistant                                0 B                0 B
Γö£ ╞Æ /api/auth/[...nextauth]                       0 B                0 B
Γö£ ╞Æ /api/auth/logout                              0 B                0 B
Γö£ ╞Æ /api/auth/me                                  0 B                0 B
Γö£ ╞Æ /api/auth/reset-password                      0 B                0 B
Γö£ ╞Æ /api/auth/reset-password/confirm              0 B                0 B
Γö£ ╞Æ /api/auth/signin                              0 B                0 B
Γö£ ╞Æ /api/auth/signup                              0 B                0 B
Γö£ ╞Æ /api/categories                               0 B                0 B
Γö£ ╞Æ /api/customer/notifications                   0 B                0 B
Γö£ ╞Æ /api/customer/notifications/[id]              0 B                0 B
Γö£ ╞Æ /api/customer/notifications/mark-all-read     0 B                0 B
Γö£ Γùï /api/customer/orders                          0 B                0 B
Γö£ ╞Æ /api/customer/orders/[orderId]/invoice        0 B                0 B
Γö£ ╞Æ /api/customer/orders/active                   0 B                0 B
Γö£ ╞Æ /api/customer/profile                         0 B                0 B
Γö£ ╞Æ /api/customer/settings                        0 B                0 B
Γö£ ╞Æ /api/dashboard                                0 B                0 B
Γö£ ╞Æ /api/favorites                                0 B                0 B
Γö£ ╞Æ /api/favorites/[id]                           0 B                0 B
Γö£ ╞Æ /api/feedback-messages                        0 B                0 B
Γö£ ╞Æ /api/feedback-messages/reply                  0 B                0 B
Γö£ ╞Æ /api/feedbacks                                0 B                0 B
Γö£ ╞Æ /api/feedbacks/[id]                           0 B                0 B
Γö£ ╞Æ /api/feedbacks/reply                          0 B                0 B
Γö£ ╞Æ /api/feedbacks/user                           0 B                0 B
Γö£ Γùï /api/health                                   0 B                0 B
Γö£ ╞Æ /api/inventory                                0 B                0 B
Γö£ ╞Æ /api/menu                                     0 B                0 B
Γö£ ╞Æ /api/menu/[id]                                0 B                0 B
Γö£ Γùï /api/menu/popular                             0 B                0 B
Γö£ ╞Æ /api/notifications                            0 B                0 B
Γö£ ╞Æ /api/notifications/[id]/read                  0 B                0 B
Γö£ ╞Æ /api/notifications/feedback/new               0 B                0 B
Γö£ ╞Æ /api/notifications/feedback/reply             0 B                0 B
Γö£ ╞Æ /api/notifications/menu/update                0 B                0 B
Γö£ ╞Æ /api/notifications/order/new                  0 B                0 B
Γö£ ╞Æ /api/notifications/order/status               0 B                0 B
Γö£ ╞Æ /api/notifications/payment/status             0 B                0 B
Γö£ ╞Æ /api/orders                                   0 B                0 B
Γö£ ╞Æ /api/orders/[id]                              0 B                0 B
Γö£ ╞Æ /api/orders/[id]/status                       0 B                0 B
Γö£ ╞Æ /api/orders/customer                          0 B                0 B
Γö£ ╞Æ /api/orders/customer/recent                   0 B                0 B
Γö£ ╞Æ /api/payment                                  0 B                0 B
Γö£ ╞Æ /api/payments/create-payment-intent           0 B                0 B
Γö£ ╞Æ /api/slots                                    0 B                0 B
Γö£ ╞Æ /api/slots/sync                               0 B                0 B
Γö£ ╞Æ /api/staff                                    0 B                0 B
Γö£ ╞Æ /api/staff/[id]                               0 B                0 B
Γö£ ╞Æ /api/staffmanagement                          0 B                0 B
Γö£ ╞Æ /api/system-notifications                     0 B                0 B
Γö£ Γùï /api/tags                                     0 B                0 B
Γö£ ╞Æ /api/timeslots                                0 B                0 B
Γö£ ╞Æ /api/timeslots/update-fill                    0 B                0 B
Γö£ ╞Æ /api/transactions                             0 B                0 B
Γö£ Γùï /auth/signin                                  2.97 kB         247 kB
Γö£ Γùï /auth/signup                                  3.04 kB         247 kB
Γö£ Γùï /customer                                     17 kB           339 kB
Γö£ Γùï /customer/admincanteen/admin                  2.35 kB         290 kB
Γö£ ╞Æ /customer/api/dashboard                       0 B                0 B
Γö£ ╞Æ /customer/api/favorites                       0 B                0 B
Γö£ ╞Æ /customer/api/feedbacks                       0 B                0 B
Γö£ Γùï /customer/api/health                          0 B                0 B
Γö£ ╞Æ /customer/api/me                              0 B                0 B
Γö£ ╞Æ /customer/api/menu                            0 B                0 B
Γö£ ╞Æ /customer/api/menu-items                      0 B                0 B
Γö£ ╞Æ /customer/api/menu/[id]                       0 B                0 B
Γö£ ╞Æ /customer/api/orders                          0 B                0 B
Γö£ ╞Æ /customer/api/orders/[orderId]                0 B                0 B
Γö£ ╞Æ /customer/api/orders/[orderId]/status         0 B                0 B
Γö£ ╞Æ /customer/api/orders/[orderId]/websocket      0 B                0 B
Γö£ ╞Æ /customer/api/orders/active                   0 B                0 B
Γö£ ╞Æ /customer/api/orders/history                  0 B                0 B
Γö£ ╞Æ /customer/api/orders/latest                   0 B                0 B
Γö£ ╞Æ /customer/api/orders/status                   0 B                0 B
Γö£ ╞Æ /customer/api/payment                         0 B                0 B
Γö£ ╞Æ /customer/api/payment/process                 0 B                0 B
Γö£ ╞Æ /customer/api/payments/create-intent          0 B                0 B
Γö£ ╞Æ /customer/api/payments/create-payment-intent  0 B                0 B
Γö£ ╞Æ /customer/api/profile                         0 B                0 B
Γö£ ╞Æ /customer/api/register                        0 B                0 B
Γö£ Γùï /customer/api/security/check                  0 B                0 B
Γö£ ╞Æ /customer/api/signin                          0 B                0 B
Γö£ ╞Æ /customer/api/signup                          0 B                0 B
Γö£ ╞Æ /customer/api/user-login                      0 B                0 B
Γö£ ╞Æ /customer/api/user/favorites                  0 B                0 B
Γö£ ╞Æ /customer/api/user/orders                     0 B                0 B
Γö£ ╞Æ /customer/api/websocket                       0 B                0 B
Γö£ Γùï /customer/dashboard                           3.15 kB         247 kB
Γö£ Γùï /customer/favorites                           8.41 kB         336 kB
Γö£ Γùï /customer/feedback                            7.1 kB          118 kB
Γö£ Γùï /customer/help                                6.18 kB         302 kB
Γö£ Γùï /customer/menu                                11.2 kB         182 kB
Γö£ Γùï /customer/menu/premium                        5.65 kB         146 kB
Γö£ Γùï /customer/notifications                       11.2 kB         173 kB
Γö£ Γùï /customer/notifications/settings              7.14 kB         102 kB
Γö£ Γùï /customer/order-confirmation                  4.25 kB         134 kB
Γö£ Γùï /customer/order-summary                       7.64 kB         317 kB
Γö£ Γùï /customer/order/status                        2.33 kB         301 kB
Γö£ Γùï /customer/orders                              9.74 kB         171 kB
Γö£ Γùï /customer/orders-history                      3.27 kB         301 kB
Γö£ ╞Æ /customer/orders/[orderId]                    8.94 kB         160 kB
Γö£ Γùï /customer/orders/current                      588 B           142 kB
Γö£ Γùï /customer/payment                             7.58 kB         149 kB
Γö£ Γùï /customer/payment/processing                  4.63 kB         322 kB
Γö£ Γùï /customer/payment/redirect                    2.75 kB         142 kB
Γö£ Γùï /customer/payment/stripe                      10.8 kB         150 kB
Γö£ Γùï /customer/payment/success                     7.03 kB         168 kB
Γö£ Γùï /customer/profile                             29.8 kB         325 kB
Γö£ Γùï /customer/settings                            4.96 kB         291 kB
Γö£ Γùï /customer/signin                              4.21 kB         150 kB
Γö£ Γùï /customer/signup                              5.84 kB         301 kB
Γö£ Γùï /customer/slot-selection                      3.65 kB         142 kB
Γö£ Γùï /customer/time-slots                          4.04 kB         140 kB
Γö£ ╞Æ /order-status/[id]                            169 B          87.9 kB
Γö£ Γùï /orders/current                               3.07 kB         140 kB
Γö£ Γùï /reset-password                               7.92 kB         154 kB
Γö£ Γùï /signin                                       1.98 kB        98.8 kB
Γöö Γùï /unauthorized                                 3.39 kB         248 kB
+ First Load JS shared by all                     87.7 kB
  Γö£ chunks/2117-1e5e8042f92d386d.js               31.7 kB
  Γö£ chunks/fd9d1056-dda8f8960881b7f6.js           53.6 kB
  Γöö other shared chunks (total)                   2.35 kB


╞Æ Middleware                                      48.2 kB

Γùï  (Static)   prerendered as static content
╞Æ  (Dynamic)  server-rendered on demand

