src/app/admin/queue/page.tsx(47,13): error TS18046: 'o' is of type 'unknown'.
src/app/admin/queue/page.tsx(48,23): error TS18046: 'o' is of type 'unknown'.
src/app/admin/queue/page.tsx(49,17): error TS18046: 'o' is of type 'unknown'.
src/app/admin/queue/page.tsx(50,20): error TS18046: 'o' is of type 'unknown'.
src/app/admin/queue/page.tsx(51,20): error TS18046: 'o' is of type 'unknown'.
src/app/admin/queue/page.tsx(52,19): error TS18046: 'o' is of type 'unknown'.
src/app/admin/queue/page.tsx(53,76): error TS18046: 'o' is of type 'unknown'.
src/app/api/admin/analytics/route.ts(33,46): error TS2345: Argument of type 'string | undefined' is not assignable to parameter of type 'string'.
  Type 'undefined' is not assignable to type 'string'.
src/app/api/admin/settings/danger/route.ts(93,57): error TS18046: 'error' is of type 'unknown'.
src/app/api/admin/settings/data/route.ts(34,49): error TS18046: 'error' is of type 'unknown'.
src/app/api/admin/settings/data/route.ts(85,51): error TS18046: 'error' is of type 'unknown'.
src/app/api/admin/settings/inventory/route.ts(35,54): error TS18046: 'error' is of type 'unknown'.
src/app/api/admin/settings/inventory/route.ts(91,56): error TS18046: 'error' is of type 'unknown'.
src/app/api/admin/settings/notifications/route.ts(36,57): error TS18046: 'error' is of type 'unknown'.
src/app/api/admin/settings/notifications/route.ts(86,59): error TS18046: 'error' is of type 'unknown'.
src/app/api/admin/settings/password/route.ts(55,46): error TS18046: 'error' is of type 'unknown'.
src/app/api/admin/settings/route.ts(297,44): error TS18046: 'error' is of type 'unknown'.
src/app/api/admin/settings/security/route.ts(34,53): error TS18046: 'error' is of type 'unknown'.
src/app/api/admin/settings/security/route.ts(91,55): error TS18046: 'error' is of type 'unknown'.
src/app/api/admin/settings/sessions/route.ts(52,45): error TS18046: 'error' is of type 'unknown'.
src/app/api/admin/settings/sessions/route.ts(102,45): error TS18046: 'error' is of type 'unknown'.
src/app/api/admin/settings/staff/route.ts(33,50): error TS18046: 'error' is of type 'unknown'.
src/app/api/admin/settings/staff/route.ts(80,52): error TS18046: 'error' is of type 'unknown'.
src/app/api/admin/settings/system/route.ts(35,51): error TS18046: 'error' is of type 'unknown'.
src/app/api/admin/settings/system/route.ts(94,53): error TS18046: 'error' is of type 'unknown'.
src/app/api/admin/settings/workflow/route.ts(35,53): error TS18046: 'error' is of type 'unknown'.
src/app/api/admin/settings/workflow/route.ts(83,55): error TS18046: 'error' is of type 'unknown'.
src/app/api/assistant/route.ts(59,24): error TS2345: Argument of type 'string | undefined' is not assignable to parameter of type 'string'.
  Type 'undefined' is not assignable to type 'string'.
src/app/api/auth/signup/route.ts(105,9): error TS18046: 'error' is of type 'unknown'.
src/app/api/auth/signup/route.ts(113,16): error TS18046: 'error' is of type 'unknown'.
src/app/api/customer/orders/[orderId]/invoice/route.ts(53,30): error TS18046: 'order' is of type 'unknown'.
src/app/api/customer/orders/[orderId]/invoice/route.ts(59,31): error TS18046: 'order' is of type 'unknown'.
src/app/api/customer/orders/[orderId]/invoice/route.ts(59,46): error TS18046: 'order' is of type 'unknown'.
src/app/api/customer/orders/[orderId]/invoice/route.ts(62,26): error TS18046: 'item' is of type 'unknown'.
src/app/api/customer/orders/[orderId]/invoice/route.ts(62,52): error TS18046: 'item' is of type 'unknown'.
src/app/api/customer/orders/[orderId]/invoice/route.ts(62,76): error TS18046: 'item' is of type 'unknown'.
src/app/api/customer/orders/[orderId]/invoice/route.ts(63,22): error TS18046: 'item' is of type 'unknown'.
src/app/api/customer/orders/[orderId]/invoice/route.ts(76,24): error TS18046: 'order' is of type 'unknown'.
src/app/api/customer/orders/[orderId]/invoice/route.ts(290,53): error TS18046: 'order' is of type 'unknown'.
src/app/api/customer/orders/[orderId]/invoice/route.ts(292,37): error TS18046: 'order' is of type 'unknown'.
src/app/api/customer/orders/[orderId]/invoice/route.ts(293,39): error TS18046: 'order' is of type 'unknown'.
src/app/api/customer/orders/[orderId]/invoice/route.ts(294,67): error TS18046: 'order' is of type 'unknown'.
src/app/api/customer/orders/[orderId]/invoice/route.ts(294,98): error TS18046: 'order' is of type 'unknown'.
src/app/api/customer/orders/[orderId]/invoice/route.ts(294,118): error TS18046: 'order' is of type 'unknown'.
src/app/api/customer/orders/[orderId]/invoice/route.ts(299,32): error TS18046: 'order' is of type 'unknown'.
src/app/api/customer/orders/[orderId]/invoice/route.ts(300,42): error TS18046: 'order' is of type 'unknown'.
src/app/api/customer/orders/[orderId]/invoice/route.ts(301,42): error TS18046: 'order' is of type 'unknown'.
src/app/api/customer/orders/[orderId]/invoice/route.ts(316,76): error TS18046: 'item' is of type 'unknown'.
src/app/api/customer/orders/[orderId]/invoice/route.ts(317,74): error TS18046: 'item' is of type 'unknown'.
src/app/api/customer/orders/[orderId]/invoice/route.ts(318,78): error TS18046: 'item' is of type 'unknown'.
src/app/api/customer/orders/[orderId]/invoice/route.ts(318,104): error TS18046: 'item' is of type 'unknown'.
src/app/api/customer/orders/[orderId]/invoice/route.ts(318,128): error TS18046: 'item' is of type 'unknown'.
src/app/api/customer/orders/route-backup.ts(85,7): error TS18046: 'query' is of type 'unknown'.
src/app/api/customer/orders/route-backup.ts(90,7): error TS18046: 'query' is of type 'unknown'.
src/app/api/customer/orders/route-backup.ts(95,7): error TS18046: 'query' is of type 'unknown'.
src/app/api/customer/orders/route-backup.ts(102,46): error TS2345: Argument of type 'unknown' is not assignable to parameter of type 'ObjectId | FilterQuery<Record<string, any>> | Query<any, any, {}, unknown, "find", Record<string, never>> | undefined'.
src/app/api/customer/orders/route-backup.ts(106,37): error TS2769: No overload matches this call.
  Overload 1 of 5, '(filter: ObjectId | FilterQuery<Record<string, any>> | Query<any, any, {}, unknown, "find", Record<string, never>>, projection?: ProjectionType<any> | null | undefined, options?: (QueryOptions<...> & Abortable) | ... 1 more ... | undefined): Query<...>', gave the following error.
    Argument of type 'unknown' is not assignable to parameter of type 'ObjectId | FilterQuery<Record<string, any>> | Query<any, any, {}, unknown, "find", Record<string, never>>'.
  Overload 2 of 5, '(filter: ObjectId | FilterQuery<Record<string, any>> | Query<any, any, {}, unknown, "find", Record<string, never>>, projection?: ProjectionType<any> | null | undefined): Query<...>', gave the following error.
    Argument of type 'unknown' is not assignable to parameter of type 'ObjectId | FilterQuery<Record<string, any>> | Query<any, any, {}, unknown, "find", Record<string, never>>'.
  Overload 3 of 5, '(filter: ObjectId | FilterQuery<Record<string, any>> | Query<any, any, {}, unknown, "find", Record<string, never>>): Query<any[], ... 4 more ..., {}>', gave the following error.
    Argument of type 'unknown' is not assignable to parameter of type 'ObjectId | FilterQuery<Record<string, any>> | Query<any, any, {}, unknown, "find", Record<string, never>>'.
src/app/api/customer/orders/route-backup.ts(115,14): error TS18046: 'order' is of type 'unknown'.
src/app/api/customer/orders/route-backup.ts(116,13): error TS18046: 'order' is of type 'unknown'.
src/app/api/customer/orders/route-backup.ts(117,17): error TS18046: 'order' is of type 'unknown'.
src/app/api/customer/orders/route-backup.ts(118,17): error TS18046: 'order' is of type 'unknown'.
src/app/api/customer/orders/route-backup.ts(119,24): error TS18046: 'order' is of type 'unknown'.
src/app/api/customer/orders/route-backup.ts(120,16): error TS18046: 'order' is of type 'unknown'.
src/app/api/customer/orders/route-backup.ts(121,16): error TS18046: 'order' is of type 'unknown'.
src/app/api/customer/orders/route-backup.ts(122,20): error TS18046: 'order' is of type 'unknown'.
src/app/api/customer/orders/route-backup.ts(123,20): error TS18046: 'order' is of type 'unknown'.
src/app/api/dashboard/route.ts(99,56): error TS18046: 'o' is of type 'unknown'.
src/app/api/dashboard/route.ts(99,82): error TS18046: 'o' is of type 'unknown'.
src/app/api/dashboard/route.ts(100,58): error TS18046: 'o' is of type 'unknown'.
src/app/api/dashboard/route.ts(119,19): error TS18046: 'order' is of type 'unknown'.
src/app/api/dashboard/route.ts(119,31): error TS18046: 'order' is of type 'unknown'.
src/app/api/dashboard/route.ts(120,22): error TS18046: 'order' is of type 'unknown'.
src/app/api/dashboard/route.ts(121,23): error TS18046: 'order' is of type 'unknown'.
src/app/api/dashboard/route.ts(122,26): error TS18046: 'order' is of type 'unknown'.
src/app/api/dashboard/route.ts(133,17): error TS18046: 'order' is of type 'unknown'.
src/app/api/dashboard/route.ts(133,29): error TS18046: 'order' is of type 'unknown'.
src/app/api/dashboard/route.ts(134,20): error TS18046: 'order' is of type 'unknown'.
src/app/api/dashboard/route.ts(135,21): error TS18046: 'order' is of type 'unknown'.
src/app/api/dashboard/route.ts(136,24): error TS18046: 'order' is of type 'unknown'.
src/app/api/dashboard/route.ts(150,18): error TS18046: 'err' is of type 'unknown'.
src/app/api/debug-db/route.ts(30,43): error TS18046: 'err' is of type 'unknown'.
src/app/api/debug/orders/route.ts(37,14): error TS18046: 'error' is of type 'unknown'.
src/app/api/favorites/route.ts(12,18): error TS18046: 'error' is of type 'unknown'.
src/app/api/favorites/route.ts(13,19): error TS18046: 'error' is of type 'unknown'.
src/app/api/favorites/route.ts(15,7): error TS18046: 'error' is of type 'unknown'.
src/app/api/favorites/route.ts(63,17): error TS18046: 'fav' is of type 'unknown'.
src/app/api/favorites/route.ts(71,14): error TS18046: 'error' is of type 'unknown'.
src/app/api/feedback-messages/route.ts(68,7): error TS18046: 'query' is of type 'unknown'.
src/app/api/feedback-messages/route.ts(72,50): error TS2769: No overload matches this call.
  Overload 1 of 5, '(filter: ObjectId | FilterQuery<Record<string, any>> | Query<any, any, {}, unknown, "find", Record<string, never>>, projection?: ProjectionType<any> | null | undefined, options?: (QueryOptions<...> & Abortable) | ... 1 more ... | undefined): Query<...>', gave the following error.
    Argument of type 'unknown' is not assignable to parameter of type 'ObjectId | FilterQuery<Record<string, any>> | Query<any, any, {}, unknown, "find", Record<string, never>>'.
  Overload 2 of 5, '(filter: ObjectId | FilterQuery<Record<string, any>> | Query<any, any, {}, unknown, "find", Record<string, never>>, projection?: ProjectionType<any> | null | undefined): Query<...>', gave the following error.
    Argument of type 'unknown' is not assignable to parameter of type 'ObjectId | FilterQuery<Record<string, any>> | Query<any, any, {}, unknown, "find", Record<string, never>>'.
  Overload 3 of 5, '(filter: ObjectId | FilterQuery<Record<string, any>> | Query<any, any, {}, unknown, "find", Record<string, never>>): Query<any[], ... 4 more ..., {}>', gave the following error.
    Argument of type 'unknown' is not assignable to parameter of type 'ObjectId | FilterQuery<Record<string, any>> | Query<any, any, {}, unknown, "find", Record<string, never>>'.
src/app/api/feedback-messages/route.ts(79,56): error TS2345: Argument of type 'unknown' is not assignable to parameter of type 'ObjectId | FilterQuery<Record<string, any>> | Query<any, any, {}, unknown, "find", Record<string, never>> | undefined'.
src/app/api/feedbacks/[id]/route.ts(33,14): error TS18046: 'error' is of type 'unknown'.
src/app/api/feedbacks/[id]/route.ts(37,16): error TS18046: 'error' is of type 'unknown'.
src/app/api/feedbacks/[id]/route.ts(38,59): error TS18046: 'error' is of type 'unknown'.
src/app/api/feedbacks/[id]/route.ts(98,14): error TS18046: 'error' is of type 'unknown'.
src/app/api/feedbacks/[id]/route.ts(99,14): error TS18046: 'error' is of type 'unknown'.
src/app/api/feedbacks/[id]/route.ts(103,16): error TS18046: 'error' is of type 'unknown'.
src/app/api/feedbacks/[id]/route.ts(104,59): error TS18046: 'error' is of type 'unknown'.
src/app/api/feedbacks/reply/route.ts(103,14): error TS18046: 'error' is of type 'unknown'.
src/app/api/feedbacks/route.ts(173,19): error TS18048: 'feedbackData.starRating' is possibly 'undefined'.
src/app/api/inventory/route.ts(110,7): error TS18046: 'updateData' is of type 'unknown'.
src/app/api/inventory/route.ts(110,25): error TS18046: 'updateData' is of type 'unknown'.
src/app/api/inventory/route.ts(111,7): error TS18046: 'updateData' is of type 'unknown'.
src/app/api/inventory/route.ts(115,7): error TS18046: 'updateData' is of type 'unknown'.
src/app/api/inventory/route.ts(115,25): error TS18046: 'updateData' is of type 'unknown'.
src/app/api/inventory/route.ts(116,7): error TS18046: 'updateData' is of type 'unknown'.
src/app/api/inventory/route.ts(121,7): error TS2769: No overload matches this call.
  The last overload gave the following error.
    Argument of type 'unknown' is not assignable to parameter of type 'UpdateQuery<any> | undefined'.
src/app/api/orders/customer/recent/route.ts(126,14): error TS18046: 'error' is of type 'unknown'.
src/app/api/orders/route.ts(74,45): error TS2551: Property '_error' does not exist on type '{ valid: boolean; error?: string | undefined; }'. Did you mean 'error'?
src/app/api/payment/route.ts(103,25): error TS2339: Property 'id' does not exist on type 'object'.
src/app/api/payment/route.ts(104,27): error TS2339: Property 'name' does not exist on type 'object'.
src/app/api/payment/route.ts(105,54): error TS2339: Property 'quantity' does not exist on type 'object'.
src/app/api/payment/route.ts(106,40): error TS2339: Property 'price' does not exist on type 'object'.
src/app/api/payment/route.ts(140,25): error TS2339: Property 'message' does not exist on type '{}'.
src/app/api/payment/route.ts(183,25): error TS2339: Property 'message' does not exist on type '{}'.
src/app/api/payment/route.ts(242,25): error TS2339: Property 'message' does not exist on type '{}'.
src/app/api/payments/create-payment-intent/route.ts(30,7): error TS2322: Type '"2025-10-29.clover"' is not assignable to type '"2024-04-10"'.
src/app/api/payments/create-payment-intent/route.ts(102,33): error TS2339: Property 'message' does not exist on type '{}'.
src/app/api/payments/create-payment-intent/route.ts(124,25): error TS2339: Property 'message' does not exist on type '{}'.
src/app/api/seed/route.ts(36,43): error TS18046: 'error' is of type 'unknown'.
src/app/api/staff/[id]/route.ts(94,23): error TS2339: Property 'email' does not exist on type '{}'.
src/app/api/staff/[id]/route.ts(96,30): error TS2339: Property 'email' does not exist on type '{}'.
src/app/api/staff/route.ts(91,26): error TS2339: Property 'data' does not exist on type '{}'.
src/app/api/staff/route.ts(92,32): error TS2339: Property 'pagination' does not exist on type '{}'.
src/app/api/staff/route.ts(101,7): error TS18046: 'query' is of type 'unknown'.
src/app/api/staff/route.ts(109,7): error TS18046: 'query' is of type 'unknown'.
src/app/api/staff/route.ts(113,7): error TS18046: 'query' is of type 'unknown'.
src/app/api/staff/route.ts(118,18): error TS2769: No overload matches this call.
  Overload 1 of 5, '(filter: ObjectId | Query<any, any, {}, unknown, "find", Record<string, never>> | FilterQuery<IStaff>, projection?: ProjectionType<IStaff> | null | undefined, options?: (QueryOptions<...> & Abortable) | ... 1 more ... | undefined): Query<...>', gave the following error.
    Argument of type 'unknown' is not assignable to parameter of type 'ObjectId | Query<any, any, {}, unknown, "find", Record<string, never>> | FilterQuery<IStaff>'.
  Overload 2 of 5, '(filter: ObjectId | Query<any, any, {}, unknown, "find", Record<string, never>> | FilterQuery<IStaff>, projection?: ProjectionType<IStaff> | null | undefined): Query<...>', gave the following error.
    Argument of type 'unknown' is not assignable to parameter of type 'ObjectId | Query<any, any, {}, unknown, "find", Record<string, never>> | FilterQuery<IStaff>'.
  Overload 3 of 5, '(filter: ObjectId | Query<any, any, {}, unknown, "find", Record<string, never>> | FilterQuery<IStaff>): Query<(Document<unknown, {}, IStaff, {}, {}> & IStaff & Required<...> & { ...; })[], ... 4 more ..., {}>', gave the following error.
    Argument of type 'unknown' is not assignable to parameter of type 'ObjectId | Query<any, any, {}, unknown, "find", Record<string, never>> | FilterQuery<IStaff>'.
src/app/api/staff/route.ts(124,28): error TS2345: Argument of type 'unknown' is not assignable to parameter of type 'ObjectId | Query<any, any, {}, unknown, "find", Record<string, never>> | FilterQuery<IStaff> | undefined'.
src/app/api/staff/route.ts(180,28): error TS2339: Property 'email' does not exist on type '{}'.
src/app/api/staff/route.ts(196,29): error TS2339: Property 'avatar' does not exist on type '{}'.
src/app/api/staff/route.ts(196,108): error TS2339: Property 'name' does not exist on type '{}'.
src/app/api/staffmanagement/route.ts(22,16): error TS18046: 'error' is of type 'unknown'.
src/app/api/staffmanagement/route.ts(23,15): error TS18046: 'error' is of type 'unknown'.
src/app/api/staffmanagement/route.ts(24,15): error TS18046: 'error' is of type 'unknown'.
src/app/api/staffmanagement/route.ts(25,21): error TS18046: 'error' is of type 'unknown'.
src/app/api/staffmanagement/route.ts(26,19): error TS18046: 'error' is of type 'unknown'.
src/app/api/staffmanagement/route.ts(45,32): error TS18046: 'error' is of type 'unknown'.
src/app/api/system-notifications/route.ts(13,16): error TS18046: 'error' is of type 'unknown'.
src/app/api/system-notifications/route.ts(66,11): error TS18046: 'filter' is of type 'unknown'.
src/app/api/system-notifications/route.ts(78,9): error TS18046: 'filter' is of type 'unknown'.
src/app/api/system-notifications/route.ts(85,33): error TS2769: No overload matches this call.
  Overload 1 of 5, '(filter: ObjectId | FilterQuery<Record<string, any>> | Query<any, any, {}, unknown, "find", Record<string, never>>, projection?: ProjectionType<any> | null | undefined, options?: (QueryOptions<...> & Abortable) | ... 1 more ... | undefined): Query<...>', gave the following error.
    Argument of type 'unknown' is not assignable to parameter of type 'ObjectId | FilterQuery<Record<string, any>> | Query<any, any, {}, unknown, "find", Record<string, never>>'.
  Overload 2 of 5, '(filter: ObjectId | FilterQuery<Record<string, any>> | Query<any, any, {}, unknown, "find", Record<string, never>>, projection?: ProjectionType<any> | null | undefined): Query<...>', gave the following error.
    Argument of type 'unknown' is not assignable to parameter of type 'ObjectId | FilterQuery<Record<string, any>> | Query<any, any, {}, unknown, "find", Record<string, never>>'.
  Overload 3 of 5, '(filter: ObjectId | FilterQuery<Record<string, any>> | Query<any, any, {}, unknown, "find", Record<string, never>>): Query<any[], ... 4 more ..., {}>', gave the following error.
    Argument of type 'unknown' is not assignable to parameter of type 'ObjectId | FilterQuery<Record<string, any>> | Query<any, any, {}, unknown, "find", Record<string, never>>'.
src/app/api/system-notifications/route.ts(91,43): error TS2345: Argument of type 'unknown' is not assignable to parameter of type 'ObjectId | FilterQuery<Record<string, any>> | Query<any, any, {}, unknown, "find", Record<string, never>> | undefined'.
src/app/api/system-notifications/route.ts(146,7): error TS18046: 'filter' is of type 'unknown'.
src/app/api/system-notifications/route.ts(150,7): error TS2345: Argument of type 'unknown' is not assignable to parameter of type 'ObjectId | FilterQuery<Record<string, any>> | Query<any, any, {}, unknown, "find", Record<string, never>>'.
src/app/api/test-db/route.ts(36,43): error TS18046: 'modelError' is of type 'unknown'.
src/app/api/test-db/route.ts(44,46): error TS18046: 'error' is of type 'unknown'.
src/app/api/test-feedback/route.ts(13,14): error TS18046: 'error' is of type 'unknown'.
src/app/api/test-jwt/route.ts(47,14): error TS18046: 'error' is of type 'unknown'.
src/app/customer/api/check-users/route.ts(25,14): error TS18046: 'error' is of type 'unknown'.
src/app/customer/api/dashboard/route.ts(100,56): error TS18046: 'o' is of type 'unknown'.
src/app/customer/api/dashboard/route.ts(100,82): error TS18046: 'o' is of type 'unknown'.
src/app/customer/api/dashboard/route.ts(101,58): error TS18046: 'o' is of type 'unknown'.
src/app/customer/api/dashboard/route.ts(120,19): error TS18046: 'order' is of type 'unknown'.
src/app/customer/api/dashboard/route.ts(120,31): error TS18046: 'order' is of type 'unknown'.
src/app/customer/api/dashboard/route.ts(121,22): error TS18046: 'order' is of type 'unknown'.
src/app/customer/api/dashboard/route.ts(122,23): error TS18046: 'order' is of type 'unknown'.
src/app/customer/api/dashboard/route.ts(123,26): error TS18046: 'order' is of type 'unknown'.
src/app/customer/api/dashboard/route.ts(134,17): error TS18046: 'order' is of type 'unknown'.
src/app/customer/api/dashboard/route.ts(134,29): error TS18046: 'order' is of type 'unknown'.
src/app/customer/api/dashboard/route.ts(135,20): error TS18046: 'order' is of type 'unknown'.
src/app/customer/api/dashboard/route.ts(136,21): error TS18046: 'order' is of type 'unknown'.
src/app/customer/api/dashboard/route.ts(137,24): error TS18046: 'order' is of type 'unknown'.
src/app/customer/api/dashboard/route.ts(151,18): error TS18046: 'err' is of type 'unknown'.
src/app/customer/api/db/status/route.ts(45,14): error TS18046: 'error' is of type 'unknown'.
src/app/customer/api/feedbacks/route.ts(56,19): error TS18046: 'query' is of type 'unknown'.
src/app/customer/api/feedbacks/route.ts(57,20): error TS18046: 'query' is of type 'unknown'.
src/app/customer/api/feedbacks/route.ts(60,43): error TS2769: No overload matches this call.
  Overload 1 of 5, '(filter: ObjectId | FilterQuery<Record<string, any>> | Query<any, any, {}, unknown, "find", Record<string, never>>, projection?: ProjectionType<any> | null | undefined, options?: (QueryOptions<...> & Abortable) | ... 1 more ... | undefined): Query<...>', gave the following error.
    Argument of type 'unknown' is not assignable to parameter of type 'ObjectId | FilterQuery<Record<string, any>> | Query<any, any, {}, unknown, "find", Record<string, never>>'.
  Overload 2 of 5, '(filter: ObjectId | FilterQuery<Record<string, any>> | Query<any, any, {}, unknown, "find", Record<string, never>>, projection?: ProjectionType<any> | null | undefined): Query<...>', gave the following error.
    Argument of type 'unknown' is not assignable to parameter of type 'ObjectId | FilterQuery<Record<string, any>> | Query<any, any, {}, unknown, "find", Record<string, never>>'.
  Overload 3 of 5, '(filter: ObjectId | FilterQuery<Record<string, any>> | Query<any, any, {}, unknown, "find", Record<string, never>>): Query<any[], ... 4 more ..., {}>', gave the following error.
    Argument of type 'unknown' is not assignable to parameter of type 'ObjectId | FilterQuery<Record<string, any>> | Query<any, any, {}, unknown, "find", Record<string, never>>'.
src/app/customer/api/menu/route.ts(17,7): error TS18046: 'query' is of type 'unknown'.
src/app/customer/api/menu/route.ts(24,7): error TS18046: 'query' is of type 'unknown'.
src/app/customer/api/menu/route.ts(28,39): error TS2769: No overload matches this call.
  Overload 1 of 5, '(filter: ObjectId | FilterQuery<Record<string, any>> | Query<any, any, {}, unknown, "find", Record<string, never>>, projection?: ProjectionType<any> | null | undefined, options?: (QueryOptions<...> & Abortable) | ... 1 more ... | undefined): Query<...>', gave the following error.
    Argument of type 'unknown' is not assignable to parameter of type 'ObjectId | FilterQuery<Record<string, any>> | Query<any, any, {}, unknown, "find", Record<string, never>>'.
  Overload 2 of 5, '(filter: ObjectId | FilterQuery<Record<string, any>> | Query<any, any, {}, unknown, "find", Record<string, never>>, projection?: ProjectionType<any> | null | undefined): Query<...>', gave the following error.
    Argument of type 'unknown' is not assignable to parameter of type 'ObjectId | FilterQuery<Record<string, any>> | Query<any, any, {}, unknown, "find", Record<string, never>>'.
  Overload 3 of 5, '(filter: ObjectId | FilterQuery<Record<string, any>> | Query<any, any, {}, unknown, "find", Record<string, never>>): Query<any[], ... 4 more ..., {}>', gave the following error.
    Argument of type 'unknown' is not assignable to parameter of type 'ObjectId | FilterQuery<Record<string, any>> | Query<any, any, {}, unknown, "find", Record<string, never>>'.
